#MAVEN_START single-project ['clen']
[INFO] Scanning for projects...
#HR
#BUILD_ORDER [IT2 Parent Project] pom
#BUILD_ORDER [IT2 First Module] jar
#BUILD_ORDER [IT2-module2] jar
[INFO] -----------------< de.pdark.python.pmr.it2:IT2-parent >-----------------
#PROGRESS 1/3
#MAVEN_MODULE [IT2 Parent Project 1.0]
[INFO] --------------------------------[ pom ]---------------------------------
[INFO]
#MAVEN_PLUGIN [maven-clean-plugin:2.5:clean (default-clean) @ IT2-parent]
[INFO]
#MAVEN_PLUGIN [maven-install-plugin:2.4:install (default-install) @ IT2-parent]
[INFO] Installing .../multi-module-project/pom.xml to $MAVEN_REPO/de/pdark/python/pmr/it2/IT2-parent/1.0/IT2-parent-1.0.pom
[INFO]
[INFO] ----------------< de.pdark.python.pmr.it2:IT2-module1 >-----------------
#PROGRESS 2/3
#MAVEN_MODULE [IT2 First Module 1.0]
[INFO] --------------------------------[ jar ]---------------------------------
[INFO]
#MAVEN_PLUGIN [maven-clean-plugin:2.5:clean (default-clean) @ IT2-module1]
[INFO] Deleting .../multi-module-project/module1/target
[INFO]
#MAVEN_PLUGIN [maven-resources-plugin:2.6:resources (default-resources) @ IT2-module1]
#WARNING Using platform encoding (UTF-8 actually) to copy filtered resources, i.e. build is platform dependent!
[INFO] skip non existing resourceDirectory .../multi-module-project/module1/src/main/resources
[INFO]
#MAVEN_PLUGIN [maven-compiler-plugin:3.1:compile (default-compile) @ IT2-module1]
[INFO] Changes detected - recompiling the module!
#WARNING File encoding has not been set, using platform encoding UTF-8, i.e. build is platform dependent!
[INFO] Compiling 1 source file to .../multi-module-project/module1/target/classes
[INFO]
#MAVEN_PLUGIN [maven-resources-plugin:2.6:testResources (default-testResources) @ IT2-module1]
#WARNING Using platform encoding (UTF-8 actually) to copy filtered resources, i.e. build is platform dependent!
[INFO] Copying 1 resource
[INFO]
#MAVEN_PLUGIN [maven-compiler-plugin:3.1:testCompile (default-testCompile) @ IT2-module1]
[INFO] Changes detected - recompiling the module!
#WARNING File encoding has not been set, using platform encoding UTF-8, i.e. build is platform dependent!
[INFO] Compiling 1 source file to .../multi-module-project/module1/target/test-classes
[INFO]
#MAVEN_PLUGIN [maven-surefire-plugin:2.12.4:test (default-test) @ IT2-module1]
[INFO] Surefire report directory: .../multi-module-project/module1/target/surefire-reports
#START_OF_TESTS
#TEST [de.pdark.python.pmr.it2.module1.Foo2Test]
#WARNING 20:19:36.992 [main] WARN  de.pdark.python.pmr.it2.module1.Foo2 - Please don't call me
#TOUT 20:19:36.994 [main] DEBUG de.pdark.python.pmr.it2.module1.Foo2 - bar(X:)
#TOUT 20:19:36.998 [main] DEBUG de.pdark.python.pmr.it2.module1.Foo2 - bar(X::)
#ERROR 20:19:36.999 [main] ERROR de.pdark.python.pmr.it2.module1.Foo2 - Just a test
#TOUT java.lang.IllegalArgumentException: Catch me if you can
#ERROR 	at de.pdark.python.pmr.it2.module1.Foo2.logException(Foo2.java:16)
#ERROR 	at de.pdark.python.pmr.it2.module1.Foo2Test.testLogException(Foo2Test.java:28)
#ERROR 	at sun.reflect.NativeMethodAccessorImpl.invoke0(Native Method)
#ERROR 	at sun.reflect.NativeMethodAccessorImpl.invoke(NativeMethodAccessorImpl.java:62)
#ERROR 	at sun.reflect.DelegatingMethodAccessorImpl.invoke(DelegatingMethodAccessorImpl.java:43)
#ERROR 	at java.lang.reflect.Method.invoke(Method.java:498)
#ERROR 	at org.junit.runners.model.FrameworkMethod$1.runReflectiveCall(FrameworkMethod.java:59)
#ERROR 	at org.junit.internal.runners.model.ReflectiveCallable.run(ReflectiveCallable.java:12)
#ERROR 	at org.junit.runners.model.FrameworkMethod.invokeExplosively(FrameworkMethod.java:56)
#ERROR 	at org.junit.internal.runners.statements.InvokeMethod.evaluate(InvokeMethod.java:17)
#ERROR 	at org.junit.runners.ParentRunner$3.evaluate(ParentRunner.java:306)
#ERROR 	at org.junit.runners.BlockJUnit4ClassRunner$1.evaluate(BlockJUnit4ClassRunner.java:100)
#ERROR 	at org.junit.runners.ParentRunner.runLeaf(ParentRunner.java:366)
#ERROR 	at org.junit.runners.BlockJUnit4ClassRunner.runChild(BlockJUnit4ClassRunner.java:103)
#ERROR 	at org.junit.runners.BlockJUnit4ClassRunner.runChild(BlockJUnit4ClassRunner.java:63)
#ERROR 	at org.junit.runners.ParentRunner$4.run(ParentRunner.java:331)
#ERROR 	at org.junit.runners.ParentRunner$1.schedule(ParentRunner.java:79)
#ERROR 	at org.junit.runners.ParentRunner.runChildren(ParentRunner.java:329)
#ERROR 	at org.junit.runners.ParentRunner.access$100(ParentRunner.java:66)
#ERROR 	at org.junit.runners.ParentRunner$2.evaluate(ParentRunner.java:293)
#ERROR 	at org.junit.runners.ParentRunner$3.evaluate(ParentRunner.java:306)
#ERROR 	at org.junit.runners.ParentRunner.run(ParentRunner.java:413)
#ERROR 	at org.apache.maven.surefire.junit4.JUnit4Provider.execute(JUnit4Provider.java:252)
#ERROR 	at org.apache.maven.surefire.junit4.JUnit4Provider.executeTestSet(JUnit4Provider.java:141)
#ERROR 	at org.apache.maven.surefire.junit4.JUnit4Provider.invoke(JUnit4Provider.java:112)
#ERROR 	at sun.reflect.NativeMethodAccessorImpl.invoke0(Native Method)
#ERROR 	at sun.reflect.NativeMethodAccessorImpl.invoke(NativeMethodAccessorImpl.java:62)
#ERROR 	at sun.reflect.DelegatingMethodAccessorImpl.invoke(DelegatingMethodAccessorImpl.java:43)
#ERROR 	at java.lang.reflect.Method.invoke(Method.java:498)
#ERROR 	at org.apache.maven.surefire.util.ReflectionUtils.invokeMethodWithArray(ReflectionUtils.java:189)
#ERROR 	at org.apache.maven.surefire.booter.ProviderFactory$ProviderProxy.invoke(ProviderFactory.java:165)
#ERROR 	at org.apache.maven.surefire.booter.ProviderFactory.invokeProvider(ProviderFactory.java:85)
#ERROR 	at org.apache.maven.surefire.booter.ForkedBooter.runSuitesInProcess(ForkedBooter.java:115)
#ERROR 	at org.apache.maven.surefire.booter.ForkedBooter.main(ForkedBooter.java:75)
#TOUT 20:19:37.000 [main] DEBUG de.pdark.python.pmr.it2.module1.Foo2 - bar(X:Y)
#TEST_RESULT [de.pdark.python.pmr.it2.module1.Foo2Test] (5, 0, 0, 0, '0.138 sec')
#TOUT 
#TOUT Results :
#TOUT 
#TOUT Tests run: 5, Failures: 0, Errors: 0, Skipped: 0
#END_OF_TESTS (5, 0, 0, 0)
#MAVEN_PLUGIN [maven-jar-plugin:2.4:jar (default-jar) @ IT2-module1]
[INFO] Building jar: .../multi-module-project/module1/target/IT2-module1-1.0.jar
[INFO]
#MAVEN_PLUGIN [maven-install-plugin:2.4:install (default-install) @ IT2-module1]
[INFO] Installing .../multi-module-project/module1/target/IT2-module1-1.0.jar to $MAVEN_REPO/de/pdark/python/pmr/it2/IT2-module1/1.0/IT2-module1-1.0.jar
[INFO] Installing .../multi-module-project/module1/pom.xml to $MAVEN_REPO/de/pdark/python/pmr/it2/IT2-module1/1.0/IT2-module1-1.0.pom
[INFO]
[INFO] ----------------< de.pdark.python.pmr.it2:IT2-module2 >-----------------
#PROGRESS 3/3
#MAVEN_MODULE [IT2-module2 1.0]
[INFO] --------------------------------[ jar ]---------------------------------
[INFO]
#MAVEN_PLUGIN [maven-clean-plugin:2.5:clean (default-clean) @ IT2-module2]
[INFO] Deleting .../multi-module-project/module2/target
[INFO]
#MAVEN_PLUGIN [maven-resources-plugin:2.6:resources (default-resources) @ IT2-module2]
#WARNING Using platform encoding (UTF-8 actually) to copy filtered resources, i.e. build is platform dependent!
[INFO] skip non existing resourceDirectory .../multi-module-project/module2/src/main/resources
[INFO]
#MAVEN_PLUGIN [maven-compiler-plugin:3.1:compile (default-compile) @ IT2-module2]
[INFO] Changes detected - recompiling the module!
#WARNING File encoding has not been set, using platform encoding UTF-8, i.e. build is platform dependent!
[INFO] Compiling 1 source file to .../multi-module-project/module2/target/classes
[INFO]
#MAVEN_PLUGIN [maven-resources-plugin:2.6:testResources (default-testResources) @ IT2-module2]
#WARNING Using platform encoding (UTF-8 actually) to copy filtered resources, i.e. build is platform dependent!
[INFO] Copying 1 resource
[INFO]
#MAVEN_PLUGIN [maven-compiler-plugin:3.1:testCompile (default-testCompile) @ IT2-module2]
[INFO] Changes detected - recompiling the module!
#WARNING File encoding has not been set, using platform encoding UTF-8, i.e. build is platform dependent!
[INFO] Compiling 1 source file to .../multi-module-project/module2/target/test-classes
[INFO]
#MAVEN_PLUGIN [maven-surefire-plugin:2.12.4:test (default-test) @ IT2-module2]
[INFO] Surefire report directory: .../multi-module-project/module2/target/surefire-reports
#START_OF_TESTS
#TEST [de.pdark.python.pmr.it2.module2.Foo3Test]
#TOUT 20:19:37,298 |-INFO in ch.qos.logback.classic.LoggerContext[default] - Found resource [logback-test.xml] at [file:.../multi-module-project/module2/target/test-classes/logback-test.xml]
#TOUT 20:19:37,344 |-INFO in ch.qos.logback.core.joran.action.AppenderAction - About to instantiate appender of type [ch.qos.logback.core.ConsoleAppender]
#TOUT 20:19:37,346 |-INFO in ch.qos.logback.core.joran.action.AppenderAction - Naming appender as [STDOUT]
#TOUT 20:19:37,350 |-INFO in ch.qos.logback.core.joran.action.NestedComplexPropertyIA - Assuming default type [ch.qos.logback.classic.encoder.PatternLayoutEncoder] for [encoder] property
#TOUT 20:19:37,365 |-INFO in ch.qos.logback.classic.joran.action.RootLoggerAction - Setting level of ROOT logger to DEBUG
#TOUT 20:19:37,365 |-INFO in ch.qos.logback.core.joran.action.AppenderRefAction - Attaching appender named [STDOUT] to Logger[ROOT]
#ERROR 20:19:37,366 |-ERROR in ch.qos.logback.core.joran.action.AppenderRefAction - Could not find an appender named [NO_SUCH_APPENDER]. Did you define it below instead of above in the configuration file?
#ERROR 20:19:37,366 |-ERROR in ch.qos.logback.core.joran.action.AppenderRefAction - See http://logback.qos.ch/codes.html#appender_order for more details.
#TOUT 20:19:37,366 |-INFO in ch.qos.logback.classic.joran.action.ConfigurationAction - End of configuration.
#TOUT 20:19:37,367 |-INFO in ch.qos.logback.classic.joran.JoranConfigurator@1bce4f0a - Registering current configuration as safe fallback point
#TOUT 20:19:37.368 [main] DEBUG de.pdark.python.pmr.it2.module2.Foo3 - bar(X:)
#TOUT 20:19:37.370 [main] INFO  de.pdark.python.pmr.it2.module2.Foo3 - bar() was called
#TEST_RESULT [de.pdark.python.pmr.it2.module2.Foo3Test] (1, 1, 0, 0, '0.133 sec <<< FAILURE!')
#ERROR testStrip(de.pdark.python.pmr.it2.module2.Foo3Test)  Time elapsed: 0.096 sec  <<< FAILURE!
#TOUT org.junit.ComparisonFailure: expected:<X[YZ]> but was:<X[]>
#ERROR 	at org.junit.Assert.assertEquals(Assert.java:117)
#ERROR 	at org.junit.Assert.assertEquals(Assert.java:146)
#ERROR 	at de.pdark.python.pmr.it2.module2.Foo3Test.testStrip(Foo3Test.java:11)
#ERROR 	at sun.reflect.NativeMethodAccessorImpl.invoke0(Native Method)
#ERROR 	at sun.reflect.NativeMethodAccessorImpl.invoke(NativeMethodAccessorImpl.java:62)
#ERROR 	at sun.reflect.DelegatingMethodAccessorImpl.invoke(DelegatingMethodAccessorImpl.java:43)
#ERROR 	at java.lang.reflect.Method.invoke(Method.java:498)
#ERROR 	at org.junit.runners.model.FrameworkMethod$1.runReflectiveCall(FrameworkMethod.java:59)
#ERROR 	at org.junit.internal.runners.model.ReflectiveCallable.run(ReflectiveCallable.java:12)
#ERROR 	at org.junit.runners.model.FrameworkMethod.invokeExplosively(FrameworkMethod.java:56)
#ERROR 	at org.junit.internal.runners.statements.InvokeMethod.evaluate(InvokeMethod.java:17)
#ERROR 	at org.junit.runners.ParentRunner$3.evaluate(ParentRunner.java:306)
#ERROR 	at org.junit.runners.BlockJUnit4ClassRunner$1.evaluate(BlockJUnit4ClassRunner.java:100)
#ERROR 	at org.junit.runners.ParentRunner.runLeaf(ParentRunner.java:366)
#ERROR 	at org.junit.runners.BlockJUnit4ClassRunner.runChild(BlockJUnit4ClassRunner.java:103)
#ERROR 	at org.junit.runners.BlockJUnit4ClassRunner.runChild(BlockJUnit4ClassRunner.java:63)
#ERROR 	at org.junit.runners.ParentRunner$4.run(ParentRunner.java:331)
#ERROR 	at org.junit.runners.ParentRunner$1.schedule(ParentRunner.java:79)
#ERROR 	at org.junit.runners.ParentRunner.runChildren(ParentRunner.java:329)
#ERROR 	at org.junit.runners.ParentRunner.access$100(ParentRunner.java:66)
#ERROR 	at org.junit.runners.ParentRunner$2.evaluate(ParentRunner.java:293)
#ERROR 	at org.junit.runners.ParentRunner$3.evaluate(ParentRunner.java:306)
#ERROR 	at org.junit.runners.ParentRunner.run(ParentRunner.java:413)
#ERROR 	at org.apache.maven.surefire.junit4.JUnit4Provider.execute(JUnit4Provider.java:252)
#ERROR 	at org.apache.maven.surefire.junit4.JUnit4Provider.executeTestSet(JUnit4Provider.java:141)
#ERROR 	at org.apache.maven.surefire.junit4.JUnit4Provider.invoke(JUnit4Provider.java:112)
#ERROR 	at sun.reflect.NativeMethodAccessorImpl.invoke0(Native Method)
#ERROR 	at sun.reflect.NativeMethodAccessorImpl.invoke(NativeMethodAccessorImpl.java:62)
#ERROR 	at sun.reflect.DelegatingMethodAccessorImpl.invoke(DelegatingMethodAccessorImpl.java:43)
#ERROR 	at java.lang.reflect.Method.invoke(Method.java:498)
#ERROR 	at org.apache.maven.surefire.util.ReflectionUtils.invokeMethodWithArray(ReflectionUtils.java:189)
#ERROR 	at org.apache.maven.surefire.booter.ProviderFactory$ProviderProxy.invoke(ProviderFactory.java:165)
#ERROR 	at org.apache.maven.surefire.booter.ProviderFactory.invokeProvider(ProviderFactory.java:85)
#ERROR 	at org.apache.maven.surefire.booter.ForkedBooter.runSuitesInProcess(ForkedBooter.java:115)
#ERROR 	at org.apache.maven.surefire.booter.ForkedBooter.main(ForkedBooter.java:75)
#TOUT 
#TOUT 
#TOUT Results :
#TOUT 
#ERROR Failed tests:   testStrip(de.pdark.python.pmr.it2.module2.Foo3Test): expected:<X[YZ]> but was:<X[]>
#ERROR 
#END_OF_TESTS (1, 1, 0, 0)
#HR
#REACTOR_SUMMARY [IT2 Parent Project] SUCCESS   0.163 s
#REACTOR_SUMMARY [IT2 First Module] SUCCESS   1.000 s
#REACTOR_SUMMARY [IT2-module2] FAILURE   0.297 s
[INFO] BUILD FAILURE
#HR
[INFO] Total time:  1.530 s
[INFO] Finished at: 2020-04-20T20:19:37+02:00
#HR
#ERROR Failed to execute goal org.apache.maven.plugins:maven-surefire-plugin:2.12.4:test (default-test) on project IT2-module2: There are test failures.
#ERROR 
#ERROR Please refer to .../multi-module-project/module2/target/surefire-reports for the individual test results.
#ERROR -> [Help 1]
#ERROR 
#ERROR To see the full stack trace of the errors, re-run Maven with the -e switch.
#ERROR Re-run Maven using the -X switch to enable full debug logging.
#ERROR 
#ERROR For more information about the errors and possible solutions, please read the following articles:
#ERROR [Help 1] http://cwiki.apache.org/confluence/display/MAVEN/MojoFailureException
#ERROR 
#ERROR After correcting the problems, you can resume the build with the command
#RESUME ':IT2-module2'
#ERROR mvn <args> -rf :IT2-module2

#MAVEN_RC 0