#MAVEN_START single-project ['clean', 'install']
[INFO] Scanning for projects...
[INFO]
[INFO] ----------------------< de.pdark.python.pmr:IT1 >-----------------------
#MAVEN_MODULE [IT1 Simple Maven Project 1.0]
[INFO] --------------------------------[ jar ]---------------------------------
[INFO]
#MAVEN_PLUGIN [maven-clean-plugin:2.5:clean (default-clean) @ IT1]
[INFO] Deleting .../single-project/target
[INFO]
#MAVEN_PLUGIN [maven-resources-plugin:2.6:resources (default-resources) @ IT1]
#WARNING Using platform encoding (UTF-8 actually) to copy filtered resources, i.e. build is platform dependent!
[INFO] skip non existing resourceDirectory .../single-project/src/main/resources
[INFO]
#MAVEN_PLUGIN [maven-compiler-plugin:3.1:compile (default-compile) @ IT1]
[INFO] Changes detected - recompiling the module!
#WARNING File encoding has not been set, using platform encoding UTF-8, i.e. build is platform dependent!
[INFO] Compiling 1 source file to .../single-project/target/classes
[INFO]
#MAVEN_PLUGIN [maven-resources-plugin:2.6:testResources (default-testResources) @ IT1]
#WARNING Using platform encoding (UTF-8 actually) to copy filtered resources, i.e. build is platform dependent!
[INFO] skip non existing resourceDirectory .../single-project/src/test/resources
[INFO]
#MAVEN_PLUGIN [maven-compiler-plugin:3.1:testCompile (default-testCompile) @ IT1]
[INFO] Changes detected - recompiling the module!
#WARNING File encoding has not been set, using platform encoding UTF-8, i.e. build is platform dependent!
[INFO] Compiling 1 source file to .../single-project/target/test-classes
[INFO]
#MAVEN_PLUGIN [maven-surefire-plugin:2.12.4:test (default-test) @ IT1]
[INFO] Surefire report directory: .../single-project/target/surefire-reports
#START_OF_TESTS
#TEST [de.pdark.python.pmr.it1.FooTest]
#TEST_RESULT [de.pdark.python.pmr.it1.FooTest] (3, 0, 0, 0, '0.043 sec')
#END_OF_TESTS (3, 0, 0, 0)
#MAVEN_PLUGIN [maven-jar-plugin:2.4:jar (default-jar) @ IT1]
[INFO] Building jar: .../single-project/target/IT1-1.0.jar
[INFO]
#MAVEN_PLUGIN [maven-install-plugin:2.4:install (default-install) @ IT1]
[INFO] Installing .../single-project/target/IT1-1.0.jar to $MAVEN_REPO/de/pdark/python/pmr/IT1/1.0/IT1-1.0.jar
[INFO] Installing .../single-project/pom.xml to $MAVEN_REPO/de/pdark/python/pmr/IT1/1.0/IT1-1.0.pom
#HR
[INFO] BUILD SUCCESS
#HR
[INFO] Total time:  1.327 s
[INFO] Finished at: 2020-04-18T19:44:31+02:00
#HR

#MAVEN_RC 0